// Jest Snapshot v1, https://goo.gl/fbAQLP

exports[`StatusMessages renders correctly 1`] = `
<ConfigProvider
  value={
    StatusMessagesProxy {
      "setToaster": [Function],
      "toaster": null,
    }
  }
>
  <div />
  <Toaster
    baseClassName="pul-toaster"
    className={null}
    position="top"
    toasts={null}
  />
</ConfigProvider>
`;
