// Jest Snapshot v1, https://goo.gl/fbAQLP

exports[`ServerForm renders correctly 1`] = `
<Form
  action="/api/save"
  additionalButtons={Array []}
  applyButton={false}
  baseClassName="pul-form"
  cancelButton={false}
  className={null}
  errors={Object {}}
  footerClassName={null}
  hideRequiredLegend={false}
  onSubmit={[Function]}
  requiredMark={
    <span
      className="pul-form__required"
    >
      *
    </span>
  }
  state={null}
  submitButton={true}
  values={Object {}}
  vertical={null}
/>
`;
