// Jest Snapshot v1, https://jestjs.io/docs/snapshot-testing

exports[`App renders correctly 1`] = `
<ConfigProvider
  value={
    {
      "baseUrl": "",
    }
  }
>
  <LocaleProvider
    messages={{}}
  >
    <ConfigProvider
      value={
        {
          "get": [Function],
          "post": [Function],
        }
      }
    >
      <withRouter(StatusMessages)>
        <BrowserRouter
          basename=""
        >
          <Routes>
            <Route
              componentPath="Index"
              key="/"
              path="/"
              render={[Function]}
            />
          </Routes>
        </BrowserRouter>
      </withRouter(StatusMessages)>
    </ConfigProvider>
  </LocaleProvider>
</ConfigProvider>
`;
