// Jest Snapshot v1, https://jestjs.io/docs/snapshot-testing

exports[`App renders correctly 1`] = `
<ConfigProvider
  value={
    {
      "baseUrl": "",
    }
  }
>
  <LocaleProvider
    messages={{}}
  >
    <ApiProvider>
      <BrowserRouter
        basename=""
      >
        <ComponentWithRouterProp>
          <Routes>
            <Route
              componentPath="Index"
              element={
                <Page
                  path="/"
                  routes={
                    [
                      {
                        "component": [Function],
                        "componentPath": "Index",
                        "path": "/",
                      },
                    ]
                  }
                >
                  <component
                    baseUrl=""
                  />
                </Page>
              }
              key="/"
              path="/"
            />
          </Routes>
        </ComponentWithRouterProp>
      </BrowserRouter>
    </ApiProvider>
  </LocaleProvider>
</ConfigProvider>
`;
